ASxxxx Linker V03.00 + NoICE + sdld,  page 1.
Hexadecimal  [32-Bits]

Area                                    Addr        Size        Decimal Bytes (Attributes)
--------------------------------        ----        ----        ------- ----- ------------
.  .ABS.                            00000000    00000000 =           0. bytes (ABS,CON)

      Value  Global                              Global Defined In Module
      -----  --------------------------------   ------------------------
     00000000  .__.ABS.                           
     00000000  l__CABS                         
     00000000  l__DABS                         
     00000000  l__GSFINAL                      
     00000000  l__HEADER                       
     00000000  l__HEAP                         
     00000000  l__LIT                          
     00000000  s__CABS                         
     00000000  s__DABS                         
     00000000  s__HEADER                       
     00000000  s__HEADER0                      
     00000000  s__HEADER1                      
     00000000  s__HEADER10                     
     00000000  s__HEADER11                     
     00000000  s__HEADER12                     
     00000000  s__HEADER2                      
     00000000  s__HEADER3                      
     00000000  s__HEADER4                      
     00000000  s__HEADER5                      
     00000000  s__HEADER6                      
     00000000  s__HEADER7                      
     00000000  s__HEADER8                      
     00000000  s__HEADER9                      
     00000000  s__HEADERa                      
     00000000  s__HEADERb                      
     00000000  s__HEADERc                      
     00000000  s__HEADERd                      
     00000000  s__HEADERe                      
     00000000  s__HEADERf                      
     00000001  l__GSINITTAIL                   
     00000001  l__HEADER0                      
     00000001  l__HEADER12                     
     00000001  l__HEADERa                      
     00000001  l__HEADERb                      
     00000001  l__HEADERc                      
     00000001  l__HEADERe                      
     00000001  l__HEADERf                      
     00000002  l__HEADER10                     
     00000002  l__HEADERd                      
     00000003  l__HEADER9                      
     00000006  l__HEADER8                      
     00000007  l__HEADER2                      
     00000007  l__HEADER3                      
     00000007  l__HEADER4                      
     00000007  l__HEADER5                      
     00000010  l__HEADER1                      
     0000001F  l__HEADER6                      
     00000034  l__HEADER7                      
     00000059  l__BSS                          
     00000085  l__HEADER11                     
ASxxxx Linker V03.00 + NoICE + sdld,  page 2.
Hexadecimal  [32-Bits]

Area                                    Addr        Size        Decimal Bytes (Attributes)
--------------------------------        ----        ----        ------- ----- ------------
.  .ABS.                            00000000    00000000 =           0. bytes (ABS,CON)

      Value  Global                              Global Defined In Module
      -----  --------------------------------   ------------------------
     0000009E  l__DATA                         
     00000125  l__BASE                         
     0000019A  l__GSINIT                       
     00000200  s__CODE                         
     0000039B  l__HOME                         
     00000770  l__CODE                         
     00000970  s__HOME                         
     00000D0B  s__BASE                         
     00000E30  s__GSINIT                       
     00000E30  s__LIT                          
     00000FCA  s__GSINITTAIL                   
     00000FCB  s__GSFINAL                      
     0000C0A0  s__DATA                         
     0000C13E  s__BSS                          
     0000C197  s__HEAP                         

ASxxxx Linker V03.00 + NoICE + sdld,  page 3.
Hexadecimal  [32-Bits]

Area                                    Addr        Size        Decimal Bytes (Attributes)
--------------------------------        ----        ----        ------- ----- ------------
_CODE                               00000200    00000770 =        1904. bytes (REL,CON)

      Value  Global                              Global Defined In Module
      -----  --------------------------------   ------------------------
     00000200  _main                              main
     00000218  _init                              main
     00000263  _initBullets                       main
     000002DD  _initEnemies                       main
     00000371  _updateSwitches                    main
     0000039D  _checkInput                        main
     000003EC  _fireBullet                        main
     00000434  _updateBullets                     main
     000004C3  _updateEnemies                     main
     000005D2  _checkCollisions                   main
     00000759  _rand                              rand
     000007C0  _srand                             rand
     000007D4  __divsuchar                        
     000007E3  __modsuchar                        
     000007EF  __divuschar                        
     00000801  __moduschar                        
     00000811  __divschar                         
     0000081F  __modschar                         
     0000082B  __divsint                          
     0000083F  __modsint                          
     00000851  __divuchar                         
     0000085F  __moduchar                         
     0000086B  __divuint                          
     0000087F  __moduint                          
     00000891  .div8                              
     00000891  .mod8                              
     00000899  .div16                             
     00000899  .mod16                             
     000008CF  .divu8                             
     000008CF  .modu8                             
     000008D2  .divu16                            
     000008D2  .modu16                            
     00000913  __mulsuchar                        
     0000091D  __muluschar                        
     00000927  __mulschar                         
     0000093A  __muluchar                         
     00000947  __mulint                           

ASxxxx Linker V03.00 + NoICE + sdld,  page 4.
Hexadecimal  [32-Bits]

Area                                    Addr        Size        Decimal Bytes (Attributes)
--------------------------------        ----        ----        ------- ----- ------------
_HEADER0                            00000000    00000001 =           1. bytes (ABS,CON)

      Value  Global                              Global Defined In Module
      -----  --------------------------------   ------------------------
ASxxxx Linker V03.00 + NoICE + sdld,  page 5.
Hexadecimal  [32-Bits]

Area                                    Addr        Size        Decimal Bytes (Attributes)
--------------------------------        ----        ----        ------- ----- ------------
_HEADER1                            00000000    00000010 =          16. bytes (ABS,CON)

      Value  Global                              Global Defined In Module
      -----  --------------------------------   ------------------------
ASxxxx Linker V03.00 + NoICE + sdld,  page 6.
Hexadecimal  [32-Bits]

Area                                    Addr        Size        Decimal Bytes (Attributes)
--------------------------------        ----        ----        ------- ----- ------------
_HEADER2                            00000000    00000007 =           7. bytes (ABS,CON)

      Value  Global                              Global Defined In Module
      -----  --------------------------------   ------------------------
ASxxxx Linker V03.00 + NoICE + sdld,  page 7.
Hexadecimal  [32-Bits]

Area                                    Addr        Size        Decimal Bytes (Attributes)
--------------------------------        ----        ----        ------- ----- ------------
_HEADER3                            00000000    00000007 =           7. bytes (ABS,CON)

      Value  Global                              Global Defined In Module
      -----  --------------------------------   ------------------------
ASxxxx Linker V03.00 + NoICE + sdld,  page 8.
Hexadecimal  [32-Bits]

Area                                    Addr        Size        Decimal Bytes (Attributes)
--------------------------------        ----        ----        ------- ----- ------------
_HEADER4                            00000000    00000007 =           7. bytes (ABS,CON)

      Value  Global                              Global Defined In Module
      -----  --------------------------------   ------------------------
ASxxxx Linker V03.00 + NoICE + sdld,  page 9.
Hexadecimal  [32-Bits]

Area                                    Addr        Size        Decimal Bytes (Attributes)
--------------------------------        ----        ----        ------- ----- ------------
_HEADER5                            00000000    00000007 =           7. bytes (ABS,CON)

      Value  Global                              Global Defined In Module
      -----  --------------------------------   ------------------------
ASxxxx Linker V03.00 + NoICE + sdld,  page 10.
Hexadecimal  [32-Bits]

Area                                    Addr        Size        Decimal Bytes (Attributes)
--------------------------------        ----        ----        ------- ----- ------------
_HEADER6                            00000000    0000001F =          31. bytes (ABS,CON)

      Value  Global                              Global Defined In Module
      -----  --------------------------------   ------------------------
ASxxxx Linker V03.00 + NoICE + sdld,  page 11.
Hexadecimal  [32-Bits]

Area                                    Addr        Size        Decimal Bytes (Attributes)
--------------------------------        ----        ----        ------- ----- ------------
_HEADER7                            00000000    00000034 =          52. bytes (ABS,CON)

      Value  Global                              Global Defined In Module
      -----  --------------------------------   ------------------------
ASxxxx Linker V03.00 + NoICE + sdld,  page 12.
Hexadecimal  [32-Bits]

Area                                    Addr        Size        Decimal Bytes (Attributes)
--------------------------------        ----        ----        ------- ----- ------------
_HEADER8                            00000000    00000006 =           6. bytes (ABS,CON)

      Value  Global                              Global Defined In Module
      -----  --------------------------------   ------------------------
ASxxxx Linker V03.00 + NoICE + sdld,  page 13.
Hexadecimal  [32-Bits]

Area                                    Addr        Size        Decimal Bytes (Attributes)
--------------------------------        ----        ----        ------- ----- ------------
_HEADER9                            00000000    00000003 =           3. bytes (ABS,CON)

      Value  Global                              Global Defined In Module
      -----  --------------------------------   ------------------------
ASxxxx Linker V03.00 + NoICE + sdld,  page 14.
Hexadecimal  [32-Bits]

Area                                    Addr        Size        Decimal Bytes (Attributes)
--------------------------------        ----        ----        ------- ----- ------------
_HEADERa                            00000000    00000001 =           1. bytes (ABS,CON)

      Value  Global                              Global Defined In Module
      -----  --------------------------------   ------------------------
ASxxxx Linker V03.00 + NoICE + sdld,  page 15.
Hexadecimal  [32-Bits]

Area                                    Addr        Size        Decimal Bytes (Attributes)
--------------------------------        ----        ----        ------- ----- ------------
_HEADERb                            00000000    00000001 =           1. bytes (ABS,CON)

      Value  Global                              Global Defined In Module
      -----  --------------------------------   ------------------------
ASxxxx Linker V03.00 + NoICE + sdld,  page 16.
Hexadecimal  [32-Bits]

Area                                    Addr        Size        Decimal Bytes (Attributes)
--------------------------------        ----        ----        ------- ----- ------------
_HEADERc                            00000000    00000001 =           1. bytes (ABS,CON)

      Value  Global                              Global Defined In Module
      -----  --------------------------------   ------------------------
ASxxxx Linker V03.00 + NoICE + sdld,  page 17.
Hexadecimal  [32-Bits]

Area                                    Addr        Size        Decimal Bytes (Attributes)
--------------------------------        ----        ----        ------- ----- ------------
_HEADERd                            00000000    00000002 =           2. bytes (ABS,CON)

      Value  Global                              Global Defined In Module
      -----  --------------------------------   ------------------------
ASxxxx Linker V03.00 + NoICE + sdld,  page 18.
Hexadecimal  [32-Bits]

Area                                    Addr        Size        Decimal Bytes (Attributes)
--------------------------------        ----        ----        ------- ----- ------------
_HEADERe                            00000000    00000001 =           1. bytes (ABS,CON)

      Value  Global                              Global Defined In Module
      -----  --------------------------------   ------------------------
ASxxxx Linker V03.00 + NoICE + sdld,  page 19.
Hexadecimal  [32-Bits]

Area                                    Addr        Size        Decimal Bytes (Attributes)
--------------------------------        ----        ----        ------- ----- ------------
_HEADERf                            00000000    00000001 =           1. bytes (ABS,CON)

      Value  Global                              Global Defined In Module
      -----  --------------------------------   ------------------------
ASxxxx Linker V03.00 + NoICE + sdld,  page 20.
Hexadecimal  [32-Bits]

Area                                    Addr        Size        Decimal Bytes (Attributes)
--------------------------------        ----        ----        ------- ----- ------------
_HEADER10                           00000000    00000002 =           2. bytes (ABS,CON)

      Value  Global                              Global Defined In Module
      -----  --------------------------------   ------------------------
ASxxxx Linker V03.00 + NoICE + sdld,  page 21.
Hexadecimal  [32-Bits]

Area                                    Addr        Size        Decimal Bytes (Attributes)
--------------------------------        ----        ----        ------- ----- ------------
_HEADER11                           00000000    00000085 =         133. bytes (ABS,CON)

      Value  Global                              Global Defined In Module
      -----  --------------------------------   ------------------------
     000001D2  _exit                              Runtime

ASxxxx Linker V03.00 + NoICE + sdld,  page 22.
Hexadecimal  [32-Bits]

Area                                    Addr        Size        Decimal Bytes (Attributes)
--------------------------------        ----        ----        ------- ----- ------------
_HEADER12                           00000000    00000001 =           1. bytes (ABS,CON)

      Value  Global                              Global Defined In Module
      -----  --------------------------------   ------------------------
ASxxxx Linker V03.00 + NoICE + sdld,  page 23.
Hexadecimal  [32-Bits]

Area                                    Addr        Size        Decimal Bytes (Attributes)
--------------------------------        ----        ----        ------- ----- ------------
_HOME                               00000970    0000039B =         923. bytes (REL,CON)

      Value  Global                              Global Defined In Module
      -----  --------------------------------   ------------------------
     00000970  .set_mode                          Runtime
     00000980  .remove_VBL                        Runtime
     00000986  .remove_LCD                        Runtime
     0000098C  .remove_TIM                        Runtime
     00000992  .remove_SIO                        Runtime
     00000998  .remove_JOY                        Runtime
     0000099E  .add_VBL                           Runtime
     000009A4  .add_LCD                           Runtime
     000009AA  .add_TIM                           Runtime
     000009B0  .add_SIO                           Runtime
     000009B6  .add_JOY                           Runtime
     000009BC  .remove_int                        Runtime
     000009DC  .add_int                           Runtime
     000009F8  .wait_vbl_done                     Runtime
     000009F8  _wait_vbl_done                     Runtime
     00000A0F  .display_off                       Runtime
     00000A0F  _display_off                       Runtime
     00000A30  .serial_IO                         Runtime
     00000A5F  _mode                              Runtime
     00000A68  _get_mode                          Runtime
     00000A6D  _enable_interrupts                 Runtime
     00000A6F  _disable_interrupts                Runtime
     00000A71  .reset                             Runtime
     00000A71  _reset                             Runtime
     00000A77  _set_interrupts                    Runtime
     00000A82  _remove_VBL                        Runtime
     00000A8D  _remove_LCD                        Runtime
     00000A98  _remove_TIM                        Runtime
     00000AA3  _remove_SIO                        Runtime
     00000AAE  _remove_JOY                        Runtime
     00000AB9  _add_VBL                           Runtime
     00000AC4  _add_LCD                           Runtime
     00000ACF  _add_TIM                           Runtime
     00000ADA  _add_SIO                           Runtime
     00000AE5  _add_JOY                           Runtime
     00000AF0  _clock                             Runtime
     00000AF9  __printTStates                     Runtime
     00000AFA  banked_call                        Runtime
     00000B13  banked_ret                         Runtime
     00000B1C  __mullong                          _mullong

ASxxxx Linker V03.00 + NoICE + sdld,  page 24.
Hexadecimal  [32-Bits]

Area                                    Addr        Size        Decimal Bytes (Attributes)
--------------------------------        ----        ----        ------- ----- ------------
_BASE                               00000D0B    00000125 =         293. bytes (REL,CON)

      Value  Global                              Global Defined In Module
      -----  --------------------------------   ------------------------
     00000D0B  .mv_sprite                         
     00000D1A  _move_sprite                       
     00000D27  _set_bkg_data                      
     00000D27  _set_win_data                      
     00000D74  _set_sprite_data                   
     00000DA3  .padup                             
     00000DA3  _waitpadup                         
     00000DB3  .jpad                              
     00000DE0  .wait_pad                          
     00000DE7  _joypad                            
     00000DEC  _waitpad                           
     00000DF6  .set_sprite_tile                   
     00000E03  _set_sprite_tile                   
     00000E0E  .copy_vram                         
     00000E1D  _get_data                          
     00000E1D  _set_data                          

ASxxxx Linker V03.00 + NoICE + sdld,  page 25.
Hexadecimal  [32-Bits]

Area                                    Addr        Size        Decimal Bytes (Attributes)
--------------------------------        ----        ----        ------- ----- ------------
_GSINIT                             00000E30    0000019A =         410. bytes (REL,CON)

      Value  Global                              Global Defined In Module
      -----  --------------------------------   ------------------------
     00000E30  gsinit                             Runtime

ASxxxx Linker V03.00 + NoICE + sdld,  page 26.
Hexadecimal  [32-Bits]

Area                                    Addr        Size        Decimal Bytes (Attributes)
--------------------------------        ----        ----        ------- ----- ------------
_GSINITTAIL                         00000FCA    00000001 =           1. bytes (REL,CON)

      Value  Global                              Global Defined In Module
      -----  --------------------------------   ------------------------
ASxxxx Linker V03.00 + NoICE + sdld,  page 27.
Hexadecimal  [32-Bits]

Area                                    Addr        Size        Decimal Bytes (Attributes)
--------------------------------        ----        ----        ------- ----- ------------
_DATA                               0000C0A0    0000009E =         158. bytes (REL,CON)

      Value  Global                              Global Defined In Module
      -----  --------------------------------   ------------------------
     0000C0A0  _sprites                           main
     0000C0E0  _mapTiles                          main
     0000C0F0  _spriteCount                       main
     0000C0F1  _playerPos                         main
     0000C0F3  _bullets                           main
     0000C11B  _bulletCooldown                    main
     0000C11C  _enemies                           main
     0000C138  _enemyUpdateCooldown               main
     0000C139  _enemySpawnTimer                   main
ASxxxx Linker V03.00 + NoICE + sdld,  page 28.
Hexadecimal  [32-Bits]

Area                                    Addr        Size        Decimal Bytes (Attributes)
--------------------------------        ----        ----        ------- ----- ------------
_BSS                                0000C13E    00000059 =          89. bytes (REL,CON)

      Value  Global                              Global Defined In Module
      -----  --------------------------------   ------------------------
     0000C13E  __cpu                              Runtime
     0000C13F  .mode                              Runtime
     0000C140  __io_out                           Runtime
     0000C141  __io_in                            Runtime
     0000C142  __io_status                        Runtime
     0000C143  .vbl_done                          Runtime
     0000C144  __current_bank                     Runtime
     0000C145  .sys_time                          Runtime
     0000C145  _sys_time                          Runtime
     0000C147  .int_0x40                          Runtime
     0000C157  .int_0x48                          Runtime
     0000C167  .int_0x50                          Runtime
     0000C177  .int_0x58                          Runtime
     0000C187  .int_0x60                          Runtime

ASxxxx Linker V03.00 + NoICE + sdld,  page 29.
Hexadecimal  [32-Bits]

Area                                    Addr        Size        Decimal Bytes (Attributes)
--------------------------------        ----        ----        ------- ----- ------------
_HEAP                               0000C197    00000000 =           0. bytes (REL,CON)

      Value  Global                              Global Defined In Module
      -----  --------------------------------   ------------------------
     0000C197  _malloc_heap_start                 Runtime

ASxxxx Linker V03.00 + NoICE + sdld,  page 30.

Files Linked                              [ module(s) ]

/home/michael/gbdk-n/bin/../lib/crt0.rel  [ Runtime ]
./obj/main.rel                            [ main ]


Libraries Linked                          [ object file ]

/usr/bin/../share/sdcc/lib/gbz80/gbz80.lib
                                          [ rand.rel ]
/home/michael/gbdk-n/bin/../lib/gb.lib    [ mv_spr ]
/home/michael/gbdk-n/bin/../lib/gb.lib    [ set_data ]
/home/michael/gbdk-n/bin/../lib/gb.lib    [ pad ]
/home/michael/gbdk-n/bin/../lib/gb.lib    [ set_spr ]
/usr/bin/../share/sdcc/lib/gbz80/gbz80.lib
                                          [ _mullong.rel ]
/usr/bin/../share/sdcc/lib/gbz80/gbz80.lib
                                          [ div.rel ]
/home/michael/gbdk-n/bin/../lib/gb.lib    [ cpy_data ]
/usr/bin/../share/sdcc/lib/gbz80/gbz80.lib
                                          [ mul.rel ]

ASxxxx Linker V03.00 + NoICE + sdld,  page 31.

User Base Address Definitions

_CODE = 0x0200
_DATA = 0xc0a0

